
> @prc/schema-academic-identity@1.0.0 build
> npm run build:blocks && npm run build:inspector-panel


> @prc/schema-academic-identity@1.0.0 build:blocks
> wp-scripts build --experimental-modules --webpack-copy-php && wp-scripts build-blocks-manifest

assets by path doi-citation/*.php 3.69 KiB
  asset doi-citation/class-doi-citation.php 2.61 KiB [compared for emit] [from: src/doi-citation/class-doi-citation.php] [copied]
  asset doi-citation/render.php 885 bytes [compared for emit] [from: src/doi-citation/render.php] [copied]
  asset doi-citation/index.asset.php 220 bytes [compared for emit] (name: doi-citation/index)
assets by path doi-citation/*.css 480 bytes
  asset doi-citation/style-index-rtl.css 240 bytes [compared for emit] (name: doi-citation/style-index) (id hint: style)
  asset doi-citation/style-index.css 240 bytes [compared for emit] (name: doi-citation/style-index) (id hint: style)
asset doi-citation/index.js 4.29 KiB [compared for emit] [minimized] (name: doi-citation/index)
asset doi-citation/block.json 1.04 KiB [compared for emit] [from: src/doi-citation/block.json] [copied]
Entrypoint doi-citation/index 4.97 KiB = doi-citation/style-index.css 240 bytes doi-citation/style-index-rtl.css 240 bytes doi-citation/index.js 4.29 KiB doi-citation/index.asset.php 220 bytes
orphan modules 11.7 KiB (javascript) 937 bytes (runtime) [orphan] 21 modules
runtime modules 3.09 KiB 5 modules
built modules 9.42 KiB (javascript) 239 bytes (css/mini-extract) [built]
  ./src/doi-citation/index.js + 13 modules 9.42 KiB [not cacheable] [built] [code generated]
  css ../../node_modules/css-loader/dist/cjs.js??ruleSet[1].rules[3].use[1]!../../node_modules/postcss-loader/dist/cjs.js??ruleSet[1].rules[3].use[2]!../../node_modules/sass-loader/dist/cjs.js??ruleSet[1].rules[3].use[3]!./src/doi-citation/style.scss 239 bytes [built] [code generated]
webpack 5.106.2 compiled successfully in 1891 ms

webpack 5.106.2 compiled successfully in 63 ms
Block metadata PHP file generated at: build/blocks-manifest.php

> @prc/schema-academic-identity@1.0.0 build:inspector-panel
> wp-scripts build --source-path=includes/inspector-sidebar-panel/src --output-path=includes/inspector-sidebar-panel/build

asset index.js 3.53 KiB [compared for emit] [minimized] (name: index)
asset index.asset.php 244 bytes [compared for emit] (name: index)
Entrypoint index 3.76 KiB = index.js 3.53 KiB index.asset.php 244 bytes
orphan modules 7.31 KiB [orphan] 14 modules
./includes/inspector-sidebar-panel/src/index.js + 14 modules 9.77 KiB [not cacheable] [built] [code generated]
webpack 5.106.2 compiled successfully in 932 ms
